# Synthetic sample, 5,000 requests, generated by this project's own Zipfian
# workload generator (Workloads.zipfian(2000, 0.99), seed=1) -- NOT a real
# production trace. One integer key per line, in the same plain format real
# block-trace datasets (e.g. the ARC paper's, or UMass Trace Repository traces)
# typically use, so TraceLoader.loadIntegerKeys can read either.
#
# key_space=2000 length=5000 seed=1
1
1
210
10
1
0
17
21
3
0
754
714
584
0
1
21
0
236
73
1
0
129
0
410
3
913
57
510
490
0
1061
413
292
319
1841
1
144
0
221
1363
271
0
85
461
1
568
0
102
72
222
4
0
2
1176
0
1054
177
889
15
1
31
1
36
502
590
109
92
1547
1267
141
81
129
115
86
692
147
15
764
25
13
386
214
302
42
952
149
185
623
256
126
153
0
1
19
96
322
0
0
32
2
66
329
57
383
374
19
354
1
76
100
1667
26
1229
109
14
1893
163
4
183
319
0
1
993
43
122
102
0
157
1944
0
824
1
1966
401
0
53
4
14
0
33
20
660
23
1
39
4
10
233
82
27
53
5
4
267
2
58
25
42
0
1416
119
29
31
1428
54
30
32
1419
14
5
557
153
249
55
0
0
641
0
3
200
8
217
16
30
37
1789
163
4
1
1
28
5
5
384
809
279
1810
157
1
136
4
1
0
92
137
50
830
145
1065
3
164
152
366
4
556
20
0
2
12
270
24
96
1074
314
10
342
110
1345
0
0
17
29
8
881
8
6
451
29
1750
1337
1462
51
0
76
3
1712
0
5
628
2
4
1
20
1248
930
502
1
28
1
21
14
141
7
1
76
1298
6
120
3
311
72
29
541
52
1055
833
21
25
18
657
259
165
87
750
425
19
0
9
91
549
3
1381
0
2
1038
0
53
2
60
13
4
160
505
746
10
1
0
37
270
91
25
5
179
15
165
632
129
262
301
0
276
1
735
241
713
1463
84
15
110
127
2
458
12
1
1254
100
177
95
0
4
50
102
47
1242
1450
50
133
1
90
141
156
941
206
0
10
353
1114
72
95
10
1198
1
1528
8
7
135
0
2
15
575
379
1748
4
1660
7
9
14
52
244
3
284
14
464
595
0
83
133
591
968
0
278
853
51
0
391
2
2
31
479
3
0
1
1
846
8
0
54
0
21
557
1468
0
786
4
38
271
25
710
3
5
1489
32
1
6
31
1799
656
1
16
1554
429
1889
1
54
0
154
7
812
1271
415
31
46
0
564
644
1333
1454
105
542
1
2
4
79
0
38
1136
63
245
107
642
47
1
101
5
49
307
0
7
0
4
18
11
11
31
41
264
123
25
1
0
3
16
359
569
1043
2
3
1759
11
294
7
62
355
140
85
0
4
0
356
1
589
1212
10
1
1189
126
1349
2
7
108
230
43
188
70
198
270
113
225
11
484
723
482
264
43
3
9
70
1158
4
78
4
112
24
216
21
2
56
345
1365
1746
1
98
0
15
74
297
18
10
1947
1217
10
359
0
46
4
37
52
311
10
4
993
104
0
109
11
97
219
776
7
5
0
5
14
1
7
939
1765
0
10
957
13
7
233
2
233
1052
92
7
9
55
30
2
1
3
6
726
6
68
66
480
823
1616
165
5
46
44
0
3
2
214
7
2
24
6
33
1307
11
50
36
28
1276
1
454
125
1
1285
134
113
50
11
1
1
40
2
378
139
678
276
0
175
1312
222
2
16
3
1
11
240
1
193
2
19
173
5
0
5
20
1027
817
230
209
2
14
73
0
1
2
17
33
12
1
909
52
354
173
5
89
856
497
1892
47
1307
3
328
13
0
17
199
1135
41
472
9
1460
47
4
5
8
2
76
85
4
764
1
2
83
0
13
1
31
1376
1
311
33
1535
18
31
5
2
33
18
1
1860
1984
297
36
53
353
455
1
658
3
53
665
1083
2
492
0
1131
0
77
363
20
804
619
40
29
2
338
0
3
716
126
0
17
136
79
44
0
0
96
602
9
7
951
1894
1759
205
1
40
16
142
190
0
444
18
1774
2
507
97
8
12
0
1
0
1
0
3
1506
1126
2
255
0
1806
1766
5
854
3
5
0
20
0
303
0
8
3
3
62
1
2
272
3
29
1
40
80
130
1342
11
283
365
740
981
6
29
10
226
176
1313
15
11
18
4
1017
608
0
33
28
151
18
1629
2
312
33
20
316
31
1721
82
5
107
172
160
5
10
87
0
1
45
457
276
948
1902
223
96
1083
6
2
2
17
11
798
20
3
27
599
18
4
8
835
1187
2
55
3
4
29
24
11
2
28
27
1806
3
638
1653
0
21
0
24
0
14
8
39
2
28
132
0
4
12
414
1046
32
1
13
16
4
380
8
14
20
27
192
111
1
1899
41
69
0
5
73
121
19
535
331
17
1
2
6
485
72
484
0
5
76
785
236
17
1314
2
101
2
1
26
577
5
0
1043
90
1113
28
63
212
80
1765
20
32
28
74
116
183
1
0
631
0
850
215
391
1843
46
1345
0
751
5
0
0
116
2
65
9
2
26
344
246
19
2
0
36
3
56
108
57
0
309
327
96
27
16
138
82
1182
1567
1
3
7
1296
223
0
4
2
38
17
406
1
37
133
38
143
0
1761
2
65
1
1464
2
0
2
196
1
24
467
1398
725
309
280
11
969
0
0
120
5
571
334
50
3
1893
2
57
896
1668
9
7
1014
10
242
63
148
371
25
1
2
19
3
72
2
0
82
8
3
0
197
283
0
3
0
1807
1
286
47
0
855
0
33
1143
50
352
0
335
0
2
322
0
0
7
2
8
502
765
1081
196
174
0
13
4
1
292
15
1085
0
0
55
3
17
269
44
201
64
182
75
1
619
72
14
9
1324
0
244
14
68
61
26
131
1848
1432
296
82
154
931
1
314
1
40
9
0
47
44
900
10
330
6
0
16
23
8
6
1536
1
13
1
0
1
0
0
1976
847
3
451
96
19
1381
0
167
10
726
26
295
1956
7
1
2
1
0
557
9
321
0
36
11
259
1545
253
526
12
47
3
975
39
458
12
24
3
35
904
6
25
0
713
1
27
74
781
19
4
61
12
5
37
14
221
0
1643
0
1675
70
6
0
1143
53
630
604
1316
11
1
709
506
1
33
392
1367
0
42
2
1853
1212
9
39
622
229
612
0
0
218
136
1976
1
1
270
1124
96
1563
1382
147
10
3
8
3
12
0
8
9
1731
387
11
900
8
4
0
139
15
252
20
1181
386
10
1
1425
0
7
1
63
0
109
499
28
268
666
204
309
1184
24
36
1207
275
172
29
28
89
2
5
27
0
521
0
0
153
4
0
2
178
1
241
42
1
55
1
273
51
0
195
726
8
10
37
1537
0
3
0
170
1847
421
64
1
25
20
13
2
8
14
1
439
392
99
114
884
410
28
1
29
815
32
37
0
0
176
6
106
17
3
6
1
975
36
221
1
1002
40
0
0
0
7
876
1755
3
35
63
165
213
982
10
30
587
394
134
1693
18
706
34
1400
341
37
91
288
3
0
10
63
22
77
1
999
1091
1792
0
2
34
76
23
0
4
1
715
1188
743
3
4
565
52
1116
71
7
0
1700
1244
888
69
139
1374
1264
432
280
0
1
18
102
637
13
0
17
31
688
67
27
86
7
0
181
4
652
3
13
165
1966
288
473
0
731
28
15
14
21
18
15
0
584
0
58
382
0
1
11
1619
371
308
45
4
20
6
21
285
3
237
6
422
694
2
1158
1
17
18
6
2
207
185
19
337
90
5
1736
2
0
503
1032
87
789
7
1381
29
497
49
756
842
75
293
527
6
878
15
4
5
15
5
85
285
1
551
0
1209
27
1181
4
0
41
197
11
1851
0
0
97
0
266
0
65
1146
37
262
252
8
17
0
7
12
94
14
3
982
6
122
1351
1233
1250
13
1
29
36
342
258
350
0
0
1
1010
22
300
6
28
24
167
83
1867
1
1959
2
139
3
94
0
9
732
1253
0
3
1737
0
2
32
712
1801
1564
246
9
132
340
122
34
8
1
929
95
217
358
4
35
179
0
4
140
0
3
667
141
40
183
470
15
125
18
1
232
139
282
14
32
16
6
1100
282
0
13
0
89
2
113
0
941
16
1688
4
1
1696
65
715
12
1635
751
1220
89
8
1
318
141
72
152
336
70
3
21
7
1
7
15
31
1480
102
120
346
118
3
3
23
941
0
0
2
0
2
288
31
3
26
1918
786
1
3
54
1
0
0
198
9
322
501
2
0
0
0
61
264
407
4
3
642
0
1867
1914
38
0
367
1008
13
1024
11
42
498
2
0
628
0
30
0
1246
25
3
886
853
57
1271
19
0
36
1
0
429
590
62
43
1338
0
8
923
42
3
525
1760
363
0
1
5
0
27
3
11
0
1
0
642
2
61
0
17
3
71
902
494
1303
2
5
897
74
629
27
8
3
7
1203
316
1
0
4
34
0
77
579
807
4
13
4
1554
29
114
1
369
16
0
1
44
393
10
357
310
3
491
703
1
162
47
295
0
141
41
182
2
1
539
320
98
713
431
0
210
47
35
21
1369
1
21
0
10
28
15
0
229
262
817
5
21
280
0
929
557
1
0
351
317
639
1
315
470
6
18
0
3
102
4
4
3
36
5
2
21
118
94
37
16
112
14
335
146
0
1
90
29
24
1133
29
371
849
46
2
7
5
70
204
108
6
106
462
91
64
311
1678
46
822
208
100
1
21
19
4
0
26
34
0
47
4
715
0
1287
1818
0
441
1638
62
2
0
13
0
1176
153
600
19
251
1
2
22
868
1939
0
808
358
0
1236
0
23
472
18
159
19
0
127
6
0
1083
27
1
0
36
50
8
0
431
3
0
1
6
125
1
21
1852
7
179
187
0
29
0
7
14
33
67
411
2
10
42
2
0
30
5
12
0
0
0
0
1227
24
6
1
318
286
80
0
82
323
0
1602
45
566
28
1
111
725
341
3
194
6
12
195
52
3
1229
37
248
1278
0
13
2
82
0
9
1
786
18
29
67
9
18
1
155
641
19
392
479
431
421
1818
13
30
151
5
48
8
337
0
10
100
280
619
680
480
183
4
47
48
246
0
9
609
36
32
90
4
20
3
318
41
1342
0
4
4
67
1
1176
23
7
591
23
12
3
41
38
9
7
1
232
5
0
34
6
0
28
48
14
14
22
0
67
0
14
69
291
6
4
125
524
392
887
2
592
68
98
963
255
31
70
793
1
14
114
45
202
0
5
153
601
0
1
34
1542
7
16
152
455
22
743
29
838
8
469
1297
322
1283
1
419
6
0
78
162
3
43
188
57
136
2
1
130
0
858
1
438
0
4
2
423
87
0
577
10
556
86
0
18
8
904
21
1310
3
46
4
200
85
286
86
281
23
213
516
38
6
664
9
0
1
39
46
436
1723
0
2
108
59
3
420
10
119
0
6
0
94
0
95
80
2
10
0
3
1511
5
279
847
0
138
943
241
131
244
1621
868
3
72
72
354
1449
0
0
22
19
59
68
9
290
1
0
588
2
500
2
1463
3
278
187
772
0
325
10
82
17
68
21
8
42
73
123
1809
3
92
294
3
983
2
12
0
680
25
1040
1
3
462
50
0
1
20
25
0
476
0
13
11
1
808
1265
20
99
358
22
0
1
1506
2
26
55
869
24
81
2
533
0
8
35
12
1299
1453
701
11
1
8
0
62
16
0
668
8
179
146
1582
69
79
0
592
29
227
1189
703
142
6
8
1432
43
864
547
2
0
64
2
73
5
1367
337
1
751
4
0
60
0
1255
15
1690
659
61
1392
3
5
49
122
1582
1
0
99
21
1041
0
1
385
47
1
155
275
97
26
223
234
87
437
272
0
434
43
648
398
102
1
50
0
1
547
26
2
0
88
89
1
0
11
16
6
25
73
1
287
0
85
459
117
93
1119
649
1154
252
201
137
651
0
1
2
781
19
4
2
0
14
55
12
3
9
1189
703
259
0
43
0
0
22
0
0
154
0
258
315
0
1
204
0
0
1664
49
3
0
16
140
3
1851
13
1028
56
345
7
179
5
14
5
0
64
512
2
127
25
1026
0
6
15
16
236
88
729
517
0
137
140
13
813
250
290
42
1859
252
851
876
15
80
0
35
127
114
166
1128
57
742
0
115
12
244
0
2
99
0
4
30
762
1
0
26
6
1142
67
378
8
1525
2
10
17
1065
7
35
0
0
40
1319
0
1709
114
218
573
0
10
9
25
0
902
816
178
213
1131
204
5
17
22
18
202
36
79
82
1784
658
816
0
2
55
33
27
18
0
5
1
97
1232
80
37
122
12
396
24
1387
0
20
0
24
317
673
788
52
49
11
1
18
272
958
234
33
13
114
1013
0
1161
0
18
0
27
512
444
2
1412
1088
1
1609
1
3
30
2
305
1407
81
20
0
0
105
112
146
65
891
22
198
741
830
1
5
1
27
37
1
562
124
7
0
3
125
1049
27
1
1589
7
1
143
77
1
58
732
454
7
0
53
0
36
0
311
1859
635
686
701
6
39
0
17
6
1
1
41
4
0
19
30
1532
13
692
67
1237
548
0
1
15
0
153
292
922
495
0
1
7
9
2
258
0
15
519
1
57
13
3
2
2
57
136
5
47
1100
2
0
40
42
914
0
1
550
241
18
140
11
48
1226
142
80
21
15
6
343
19
105
3
285
21
747
22
5
262
0
1583
3
2
64
3
1
1784
64
275
0
2
72
1
12
86
56
43
93
0
14
15
75
19
3
0
14
381
8
283
120
503
0
81
2
1
15
61
291
1137
417
583
432
25
8
1315
2
461
4
1
0
5
151
324
1902
41
26
0
9
0
557
13
2
205
138
811
474
6
455
433
1601
0
6
22
650
86
99
152
4
319
4
3
16
1020
16
2
38
55
24
15
1
59
442
0
11
480
11
617
18
1054
570
6
112
297
142
12
247
61
444
951
31
13
0
815
140
1
439
30
10
39
3
80
5
303
1
80
730
1672
3
0
680
353
2
64
31
34
1855
2
6
34
11
35
369
9
22
1
40
750
118
47
7
97
10
1509
39
2
1
15
36
404
370
1053
75
0
92
990
43
3
3
5
28
9
29
3
18
0
25
1408
109
1
1798
9
0
1
4
2
126
3
648
2
1219
24
1557
0
1472
11
61
946
2
470
132
0
18
50
16
31
2
97
331
824
6
16
299
1
2
30
7
25
1908
0
20
44
802
98
593
20
47
2
0
3
3
689
57
442
2
11
16
6
6
0
1261
2
177
1024
1
0
4
0
4
2
0
10
0
26
94
53
0
1862
5
0
1690
261
1678
2
66
148
76
9
207
504
175
1159
1528
1
1425
1724
3
101
13
107
1
8
5
0
0
387
3
1
5
1
1
6
755
5
3
725
1
12
6
1096
794
300
0
21
1172
13
49
43
435
80
1610
3
547
12
137
1010
12
494
51
908
141
0
0
42
33
1982
12
9
1704
77
0
1712
219
903
1
543
0
13
0
1
60
354
82
274
4
0
157
1594
121
357
1145
42
1271
11
1
1790
68
5
8
4
0
2
165
1622
10
1725
1276
25
1480
0
6
166
4
1500
84
94
26
11
6
2
32
189
704
1
2
0
476
494
510
107
1301
78
222
69
207
0
133
142
30
1201
1
1052
98
117
3
1
266
200
726
396
1275
62
9
516
744
4
99
124
297
1
4
591
21
0
600
2
6
88
31
121
19
0
1367
22
987
4
472
0
0
24
2
3
0
45
0
1582
3
197
15
1160
920
1788
1944
214
21
19
214
630
102
1
14
83
98
17
1
1004
889
5
1682
132
1403
6
100
587
1045
149
550
17
33
414
738
1
176
3
1780
80
4
2
203
6
13
20
133
525
81
23
236
5
1
0
112
140
516
0
248
45
1
419
1663
148
41
825
0
91
1791
13
278
357
0
4
0
59
15
0
1
0
68
4
431
116
276
30
1
58
831
1802
186
0
1161
112
286
139
1649
33
537
3
715
50
59
647
7
9
868
62
100
23
28
70
83
0
184
89
0
339
1
2
228
1074
61
202
899
41
20
5
0
4
1
0
532
48
79
1257
69
31
0
1083
646
635
13
124
135
121
249
51
169
1
353
262
809
0
66
1208
0
0
11
354
181
7
2
0
1208
0
107
1038
281
422
3
4
26
576
43
2
89
1
1808
0
0
86
404
215
53
583
12
0
115
68
1957
457
40
28
173
19
992
1
733
2
1407
197
19
17
3
47
11
103
9
1706
67
215
0
319
2
695
66
69
10
0
337
255
91
67
513
501
0
1
250
276
56
400
1575
11
17
1990
1
5
23
40
219
27
1828
1
0
899
1
1398
81
0
2
59
1596
35
134
10
249
3
1254
1
357
475
5
121
10
1739
329
18
1080
515
13
480
66
3
10
0
167
34
0
293
263
0
28
8
301
323
3
3
92
1420
0
321
25
37
343
11
421
1
75
0
0
46
12
1
1984
5
143
592
356
675
1
1598
8
39
0
1717
38
22
304
0
67
267
383
38
1986
318
364
36
1585
1319
433
65
302
2
1877
487
2
46
0
18
0
987
2
49
387
1830
1
225
36
0
11
5
0
2
5
71
1814
0
692
877
187
27
3
0
227
141
164
41
85
260
1605
205
27
197
10
1949
0
103
0
3
18
66
6
3
1454
17
0
13
0
34
2
540
250
404
6
0
10
34
0
3
650
25
199
95
36
0
2
476
0
1993
10
99
7
31
394
222
932
5
2
1
22
240
371
10
11
49
31
10
16
0
1
1
75
1336
1
145
135
25
3
337
8
113
842
1
243
84
105
1
4
581
58
0
3
940
0
161
3
216
16
18
92
0
18
0
1370
2
6
1
1860
0
0
0
1794
20
8
1093
0
8
279
21
7
283
7
1191
54
672
1327
15
1373
20
976
287
253
0
38
672
96
4
158
84
445
25
52
11
0
1865
696
1797
1
23
4
30
71
45
1
939
194
4
27
425
7
40
44
7
6
15
1
2
19
323
27
19
906
8
41
19
0
569
20
0
0
2
1
919
59
6
10
105
3
175
246
122
0
4
8
1
11
980
142
145
903
1301
215
8
20
1714
0
396
35
39
0
0
2
9
548
11
36
118
115
10
0
0
1
708
1
9
6
859
264
446
10
133
15
1
97
417
24
65
70
58
67
12
325
14
238
1370
726
0
1
5
1676
49
1
180
331
108
3
1002
2
15
16
24
26
3
6
1371
23
8
1
78
1448
2
899
148
52
331
1124
31
15
1
0
546
0
95
1361
6
52
33
13
1517
4
1105
118
8
180
0
25
619
1225
50
11
1961
1857
61
1578
4
0
789
4
0
5
742
8
2
627
0
123
624
2
1418
318
5
121
2
576
508
8
250
13
0
255
5
462
1099
0
208
36
1
237
62
25
4
1
0
13
43
29
78
8
0
112
71
1046
0
94
11
1097
126
40
677
78
341
15
6
252
51
1041
211
29
0
992
1047
42
5
1
595
0
26
1012
1125
11
170
470
22
102
21
51
220
139
15
1418
0
18
1
147
98
849
699
58
0
1
101
67
2
1
894
249
10
14
0
1
218
342
129
1518
88
3
1100
1496
538
95
469
73
62
1
20
1392
16
407
0
271
0
99
152
1
1006
13
0
604
1801
109
1524
525
668
1093
3
110
36
0
12
444
80
7
2
188
438
211
528
0
0
1334
73
1684
74
509
1
36
33
0
17
56
2
11
2
0
829
57
0
2
11
0
966
27
2
3
5
2
46
1981
334
63
79
9
18
10
25
980
316
123
128
7
9
22
16
7
0
1
12
158
4
8
19
13
28
179
21
564
6
190
0
1
608
638
1496
0
36
2
10
18
772
6
110
19
1496
27
582
76
3
6
175
384
985
6
633
3
70
811
10
16
0
55
148
872
665
0
249
0
38
1
128
93
1741
29
1
0
162
10
1164
262
1018
41
37
32
28
0
6
486
98
521
37
1033
117
43
22
43
21
4
0
0
4
53
247
1
2
181
52
0
0
197
179
0
5
1572
8
55
32
0
306
600
3
757
10
4
2
14
74
13
0
47
710
25
1142
1806
453
80
55
89
804
18
549
21
88
40
1088
18
0
0
9
23
1816
21
460
0
0
4
131
5
23
284
2
88
0
354
2
32
1
1306
0
7
3
1
6
18
37
30
31
0
1057
0
10
59
0
3
445
0
70
3
55
0
433
88
526
1223
2
0
0
2
123
59
1605
46
335
208
201
963
13
382
388
26
1392
531
221
3
113
27
2
912
48
17
0
23
700
1
8
7
17
723
331
1
19
1197
9
62
660
15
130
3
145
720
179
5
65
77
1455
0
102
0
7
27
0
1702
1468
89
6
25
1
2
479
173
0
7
1317
13
622
0
0
20
1418
801
1002
2
12
32
31
4
822
540
36
188
0
223
2
426
42
73
143
353
424
7
33
1152
1869
84
19
441
1
234
6
83
138
96
0
2
16
1
1040
3
12
548
3
90
1894
2
135
45
3
3
2
1327
96
1706
345
141
0
1
4
785
6
1
423
773
0
143
267
16
4
7
625
1837
219
0
0
935
1
64
7
1020
613
90
4
157
287
29
20
1
0
1
373
0
126
650
0
0
55
1834
32
0
9
0
43
893
22
219
3
6
30
428
51
113
0
45
894
0
10
15
1702
676
6
2
184
1
0
3
107
11
18
1101
168
99
24
6
10
13
85
0
11
671
3
1249
1
11
47
2
85
0
225
2
5
0
22
1
15
813
1
49
1
84
386
49
463
45
24
1426
1451
81
13
140
57
0
0
503
33
15
11
51
153
12
179
44
58
1
21
23
560
7
17
13
176
0
0
14
7
6
770
9
151
282
0
87
14
37
212
52
0
1
3
1
1083
9
0
260
20
1
106
0
1992
218
46
7
244
12
0
8
0
112
376
6
160
975
887
87
30
48
74
1090
917
6
56
495
1865
390
3
62
5
0
1433
178
1693
0
115
0
8
62
258
2
1
27
0
41
751
385
12
51
1
129
69
880
1616
56
0
2
4
10
50
1
5
141
0
0
247
332
262
223
10
523
733
31
21
57
115
301
1
124
4
2
4
1240
1979
95
280
4
1790
149
191
536
35
55
221
64
648
0
64
312
1120
112
4
4
356
61
253
27
7
443
227
0
0
2
48
511
70
650
1
0
25
8
410
12
549
86
911
45
4
1400
1838
61
686
19
16
18
210
2
2
2
3
294
894
68
2
1165
8
1
720
794
763
24
785
0
56
5
247
2
16
180
975
229
5
498
1
165
1979
786
92
2
1
693
3
72
0
30
238
1
10
0
127
0
597
1
468
62
1042
65
8
20
6
16
0
3
80
0
1624
36
116
194
116
8
11
218
1927
517
5
1219
8
133
221
0
142
283
6
212
157
24
354
17
15
0
20
315
40
63
45
28
11
1
1898
0
260
98
0
1876
285
1816
44
262
164
9
86
1466
72
54
0
254
365
1513
758
160
12
89
0
299
11
2
92
657
12
395
3
2
5
170
11
10
265
1446
14
6
992
0
3
46
1571
89
50
0
1417
6
525
969
128
49
26
841
1524
79
76
16
0
1903
92
109
423
7
16
0
15
28
14
0
1
3
32
35
27
284
1161
87
0
357
177
60
10
766
31
1375
193
7
12
1099
6
174
0
172
1278
21
96
1
49
8
10
93
73
36
4
0
237
226
843
0
3
54
34
4
433
1
152
66
180
1
444
2
0
2
11
1089
14
1050
321
3
2
168
4
726
320
279
79
385
159
1792
470
12
132
103
0
1666
7
2
2
0
21
58
0
0
11
6
1778
1467
1
9
127
19
49
145
321
60
2
1
599
778
0
45
2
1057
33
1
201
7
5
79
24
180
9
365
1213
59
1242
45
0
408
455
17
62
461
425
0
109
90
0
54
6
418
322
5
1
1327
46
26
286
15
52
706
309
1006
0
6
7
13
87
